
> componentesr@1.0.0 build
> next build

   Ôû▓ Next.js 15.2.4

   Creating an optimized production build ...
 Ô£ô Compiled successfully
   Linting and checking validity of types ...

./lib/logger.ts
35:9  Warning: Unexpected console statement.  no-console
38:9  Warning: Unexpected console statement.  no-console
41:9  Warning: Unexpected console statement.  no-console
44:9  Warning: Unexpected console statement.  no-console

info  - Need to disable some ESLint rules? Learn more here: https://nextjs.org/docs/app/api-reference/config/eslint#disabling-rules
node.exe : Failed to compile.
En línea: 1 Carácter: 1
+ & "C:\Program Files\nodejs/node.exe" "C:\Program 
Files\nodejs/node_mo ...
+ ~~~~~~~~~~~~~~~~~~~~~~~~~~~~~~~~~~~~~~~~~~~~~~~~~~~~~~~~
~~~~~~~~~~~~~
    + CategoryInfo          : NotSpecified: (Failed to co 
   mpile.:String) [], RemoteException
    + FullyQualifiedErrorId : NativeCommandError
 

./components/editor/inspector/border-controls.tsx:9:18
Type error: 'Circle' is declared but its value is never 
read.

[0m [90m  7 |[39m [36mimport[39m { [33mButton[39m 
} [36mfrom[39m [32m"@/components/ui/button"[39m[0m
[0m [90m  8 |[39m [36mimport[39m { 
[33mSelect[39m[33m,[39m 
[33mSelectContent[39m[33m,[39m 
[33mSelectItem[39m[33m,[39m 
[33mSelectTrigger[39m[33m,[39m [33mSelectValue[39m 
} [36mfrom[39m [32m"@/components/ui/select"[39m[0m
[0m[31m[1m>[22m[39m[90m  9 |[39m [36mimport[39m 
{ [33mSquare[39m[33m,[39m [33mCircle[39m[33m,[39m 
[33mMinus[39m[33m,[39m [33mRotateCcw[39m[33m,[39m 
[33mCopy[39m } [36mfrom[39m 
[32m"lucide-react"[39m[0m
[0m [90m    |[39m                  
[31m[1m^[22m[39m[0m
[0m [90m 10 |[39m[0m
[0m [90m 11 |[39m [36minterface[39m 
[33mBorderControlsProps[39m {[0m
[0m [90m 12 |[39m   selectedComponent[33m:[39m 
any[0m
Next.js build worker exited with code: 1 and signal: null
